Microchip MPLAB XC8 Compiler V1.21 ()

Linker command line:

--edf=/opt/microchip/xc8/dat/en_msgs.txt -cs \
  -h+build/test/16LF1823/fake/objects/fake_app.sym \
  --cmf=build/test/16LF1823/fake/objects/fake_app.cmf -z -Q16F1823 \
  -o/tmp/cgtaXsQFt -preset_vec=04F0h -Mlinker_results.map -ver=XC8 \
  -ACONST=04F0h-04FFh,0500h-05FFhx3 -ACODE=04F0h-07FFh \
  -ASTRCODE=04F0h-07FFh -AENTRY=04F0h-04FFh,0500h-05FFhx3 \
  -ASTRING=04F0h-04FFh,0500h-05FFhx3 -ACOMMON=079h-07Fh -ABANK0=020h-060h \
  -ABIGRAM=02000h-02040h -ARAM=020h-060h -AABS1=020h-07Fh,0A0h-0BFh \
  -ASFR0=05h-01Fh -ASFR1=080h-0F8h -ASFR2=0100h-0178h -ASFR3=0180h-01F8h \
  -ASFR4=0200h-0278h -ASFR5=0280h-02F8h -ASFR6=0300h-0378h \
  -ASFR7=0380h-03F8h -ASFR8=0400h-0478h -ASFR9=0480h-04F8h \
  -ASFR10=0500h-0578h -ASFR11=0580h-05F8h -ASFR12=0600h-0678h \
  -ASFR13=0680h-06F8h -ASFR14=0700h-0778h -ASFR15=0780h-07F8h \
  -ASFR16=0800h-0878h -ASFR17=0880h-08F8h -ASFR18=0900h-0978h \
  -ASFR19=0980h-09F8h -ASFR20=0A00h-0A78h -ASFR21=0A80h-0AF8h \
  -ASFR22=0B00h-0B78h -ASFR23=0B80h-0BF8h -ASFR24=0C00h-0C78h \
  -ASFR25=0C80h-0CF8h -ASFR26=0D00h-0D78h -ASFR27=0D80h-0DF8h \
  -ASFR28=0E00h-0E78h -ASFR29=0E80h-0EF8h -ASFR30=0F00h-0F78h \
  -ASFR31=0F80h-0FF8h -ppowerup=CODE -pcinit=CODE -pfunctab=CODE \
  -ACONFIG=08007h-08008h -pconfig=CONFIG -DCONFIG=2 -AIDLOC=08000h-08003h \
  -pidloc=IDLOC -DIDLOC=2 -AEEDATA=00h-0FFh/0F000h -peeprom_data=EEDATA \
  -DEEDATA=2 -DCODE=2 -DSTRCODE=2 -DSTRING=2 -DCONST=2 -DENTRY=2 -k \
  build/test/16LF1823/fake/objects/fake_app.obj \
  build/test/16LF1823/fake/objects/mib12_exec_unittest_startup.obj \
  build/test/16LF1823/fake/objects/test_log.obj 

Object code version is 3.11

Machine type is 16F1823



                Name                               Link     Load   Length Selector   Space Scale
build/test/16LF1823/fake/objects/fake_app.obj
                text3                               7C7      7C7        1      F8E       0
                text2                               7C8      7C8        1      F90       0
                text1                               7CA      7CA        4      F94       0
                maintext                            7C9      7C9        1      F92       0
                cinit                               7FE      7FE        2      FFC       0
build/test/16LF1823/fake/objects/mib12_exec_unittest_startup.obj
                reset_vec                           4F0      4F0        3      9E0       0
build/test/16LF1823/fake/objects/test_log.obj
                text_unittest                       7CE      7CE       30      F9C       0
                bssCOMMON                            79       79        5       79       0

TOTAL           Name                               Link     Load   Length     Space
        CLASS   CONST          

        CLASS   CODE           
                text3                               7C7      7C7        1         0
                text2                               7C8      7C8        1         0
                text1                               7CA      7CA        4         0
                maintext                            7C9      7C9        1         0
                cinit                               7FE      7FE        2         0
                reset_vec                           4F0      4F0        3         0
                text_unittest                       7CE      7CE       30         0

        CLASS   STRCODE        

        CLASS   ENTRY          

        CLASS   STRING         

        CLASS   COMMON         
                bssCOMMON                            79       79        5         0

        CLASS   BANK0          

        CLASS   BIGRAM         

        CLASS   RAM            

        CLASS   ABS1           
                abs_s1                               7E       7E        2         1

        CLASS   SFR0           

        CLASS   SFR1           

        CLASS   SFR2           

        CLASS   SFR3           

        CLASS   SFR4           

        CLASS   SFR5           

        CLASS   SFR6           

        CLASS   SFR7           

        CLASS   SFR8           

        CLASS   SFR9           

        CLASS   SFR10          

        CLASS   SFR11          

        CLASS   SFR12          

        CLASS   SFR13          

        CLASS   SFR14          

        CLASS   SFR15          

        CLASS   SFR16          

        CLASS   SFR17          

        CLASS   SFR18          

        CLASS   SFR19          

        CLASS   SFR20          

        CLASS   SFR21          

        CLASS   SFR22          

        CLASS   SFR23          

        CLASS   SFR24          

        CLASS   SFR25          

        CLASS   SFR26          

        CLASS   SFR27          

        CLASS   SFR28          

        CLASS   SFR29          

        CLASS   SFR30          

        CLASS   SFR31          

        CLASS   CONFIG         

        CLASS   IDLOC          

        CLASS   EEDATA         



SEGMENTS        Name                           Load    Length   Top    Selector   Space  Class     Delta

                bssCOMMON                      000079  000005  00007E        79       0  COMMON      1
                reset_vec                      0004F0  000003  0004F3       9E0       0  CODE        2
                text3                          0007C7  000001  0007C8       F8E       0  CODE        2
                text2                          0007C8  000001  0007C9       F90       0  CODE        2
                maintext                       0007C9  000001  0007CA       F92       0  CODE        2
                text1                          0007CA  000004  0007CE       F94       0  CODE        2
                text_unittest                  0007CE  000030  0007FE       F9C       0  CODE        2
                cinit                          0007FE  000002  000800       FFC       0  CODE        2


UNUSED ADDRESS RANGES

        Name                Unused          Largest block    Delta
        BANK0            0020-0060             41           1
        BIGRAM           2000-2040             41           1
        CODE             04F3-07C6            2D4           2
        COMMON           0079-007D              5           1
        CONFIG           8007-8008              2           2
        CONST            04F3-07C6            100           2
        EEDATA           F000-F0FF            100           2
        ENTRY            04F3-07C6            100           2
        IDLOC            8000-8003              4           2
        RAM              0020-0060             41           1
        SFR0             0005-001F             1B           1
        SFR1             0080-00F8             79           1
        SFR10            0500-0578             79           1
        SFR11            0580-05F8             79           1
        SFR12            0600-0678             79           1
        SFR13            0680-06F8             79           1
        SFR14            0700-0778             79           1
        SFR15            0780-07F8             79           1
        SFR16            0800-0878             79           1
        SFR17            0880-08F8             79           1
        SFR18            0900-0978             79           1
        SFR19            0980-09DF             60           1
                         09E6-09F8             13
        SFR2             0100-0178             79           1
        SFR20            0A00-0A78             79           1
        SFR21            0A80-0AF8             79           1
        SFR22            0B00-0B78             79           1
        SFR23            0B80-0BF8             79           1
        SFR24            0C00-0C78             79           1
        SFR25            0C80-0CF8             79           1
        SFR26            0D00-0D78             79           1
        SFR27            0D80-0DF8             79           1
        SFR28            0E00-0E78             79           1
        SFR29            0E80-0EF8             79           1
        SFR3             0180-01F8             79           1
        SFR30            0F00-0F78             79           1
        SFR31            0F80-0F8D              E           1
        SFR4             0200-0278             79           1
        SFR5             0280-02F8             79           1
        SFR6             0300-0378             79           1
        SFR7             0380-03F8             79           1
        SFR8             0400-0478             79           1
        SFR9             0480-04F8             79           1
        STRCODE          04F3-07C6            2D4           2
        STRING           04F3-07C6            100           2

                                  Symbol Table

_CARRY                      (abs)        0018
__HbssCOMMON                bssCOMMON    0000
__Hcinit                    cinit        0800
__Hconfig                   config       0000
__HcstackCOMMON             cstackCOMMON 0000
__Heeprom_data              eeprom_data  0000
__Hfunctab                  functab      0000
__Hidloc                    idloc        0000
__Hmaintext                 maintext     0000
__Hpa_nodes                 pa_nodes     0000
__Hpowerup                  powerup      0000
__Hreset_vec                reset_vec    04F3
__LbssCOMMON                bssCOMMON    0000
__Lcinit                    cinit        07FE
__Lconfig                   config       0000
__LcstackCOMMON             cstackCOMMON 0000
__Leeprom_data              eeprom_data  0000
__Lfunctab                  functab      0000
__Lidloc                    idloc        0000
__Lmaintext                 maintext     0000
__Lpa_nodes                 pa_nodes     0000
__Lpowerup                  powerup      0000
__Lreset_vec                reset_vec    04F0
__S0                        (abs)        0800
__S1                        (abs)        0000
___latbits                  (abs)        0000
__end_of__initialization    cinit        07FE
__end_of_initialize         text3        07C8
__end_of_interrupt_handler  text2        07C9
__end_of_main               maintext     07CA
__end_of_task               text1        07CE
__initialization            cinit        07FE
__pcstackCOMMON             cstackCOMMON 0000
__pmaintext                 maintext     07C9
__ptext0                    text0        0000
__ptext1                    text1        07CA
__ptext2                    text2        07C8
__ptext3                    text3        07C7
__size_of_initialize        (abs)        0000
__size_of_interrupt_handler (abs)        0000
__size_of_main              (abs)        0000
__size_of_task              (abs)        0000
_finish_tests               text_unittest 07FA
_initialize                 text3        07C7
_interrupt_handler          text2        07C8
_loghex                     text_unittest 07F1
_main                       maintext     07C9
_task                       text1        07CA
btemp                       (abs)        007E
end_of_initialization       cinit        07FE
intlevel1                   reset_vec    04F3
start                       reset_vec    04F0
start_initialization        cinit        07FE
wtemp0                      (abs)        007E


FUNCTION INFORMATION:

 *************** function _main *****************
 Defined at:
		line 29 in file "/home/timburke/src/welldone/MoMo-Firmware/momo_modules/shared/pic12/test/mib12_exec_unittest.c"
 Parameters:    Size  Location     Type
		None
 Auto vars:     Size  Location     Type
		None
 Return value:  Size  Location     Type
		None               void
 Registers used:
		None
 Tracked objects:
		On entry : 
		On exit  : 
		Unchanged: 
 Data sizes:     COMMON   BANK0
      Params:         0       0
      Locals:         0       0
      Temps:          0       0
      Totals:         0       0
Total ram usage:        0 bytes
 Hardware stack levels required when called:    2
 This function calls:
		Nothing
 This function is called by:
		Startup code after reset
 This function uses a non-reentrant model


 *************** function _task *****************
 Defined at:
		line 13 in file "/home/timburke/src/welldone/MoMo-Firmware/momo_modules/shared/pic12/test/mib12_exec_unittest.c"
 Parameters:    Size  Location     Type
		None
 Auto vars:     Size  Location     Type
		None
 Return value:  Size  Location     Type
		None               void
 Registers used:
		wreg, fsr0l, fsr0h, fsr1l, fsr1h, fsr1l, fsr1h, status,2, status,0, btemp+1, pclath, cstack
 Tracked objects:
		On entry : 
		On exit  : 
		Unchanged: 
 Data sizes:     COMMON   BANK0
      Params:         0       0
      Locals:         0       0
      Temps:          0       0
      Totals:         0       0
Total ram usage:        0 bytes
 Hardware stack levels used:    1
 Hardware stack levels required when called:    1
 This function calls:
		_loghex
		_finish_tests
 This function is called by:
		Interrupt level 1
 This function uses a non-reentrant model


 *************** function _interrupt_handler *****************
 Defined at:
		line 19 in file "/home/timburke/src/welldone/MoMo-Firmware/momo_modules/shared/pic12/test/mib12_exec_unittest.c"
 Parameters:    Size  Location     Type
		None
 Auto vars:     Size  Location     Type
		None
 Return value:  Size  Location     Type
		None               void
 Registers used:
		None
 Tracked objects:
		On entry : 
		On exit  : 
		Unchanged: 
 Data sizes:     COMMON   BANK0
      Params:         0       0
      Locals:         0       0
      Temps:          0       0
      Totals:         0       0
Total ram usage:        0 bytes
 Hardware stack levels used:    1
 This function calls:
		Nothing
 This function is called by:
		Interrupt level 1
 This function uses a non-reentrant model


 *************** function _initialize *****************
 Defined at:
		line 24 in file "/home/timburke/src/welldone/MoMo-Firmware/momo_modules/shared/pic12/test/mib12_exec_unittest.c"
 Parameters:    Size  Location     Type
		None
 Auto vars:     Size  Location     Type
		None
 Return value:  Size  Location     Type
		None               void
 Registers used:
		None
 Tracked objects:
		On entry : 
		On exit  : 
		Unchanged: 
 Data sizes:     COMMON   BANK0
      Params:         0       0
      Locals:         0       0
      Temps:          0       0
      Totals:         0       0
Total ram usage:        0 bytes
 Hardware stack levels used:    1
 This function calls:
		Nothing
 This function is called by:
		Interrupt level 1
 This function uses a non-reentrant model



MODULE INFORMATION

Module		Function		Class		Link	Load	Size
shared
		__initializatio		CODE           	07FE	0000	0

shared estimated size: 0

/home/timburke/src/welldone/MoMo-Firmware/momo_modules/shared/pic12/test/mib12_exec_unittest.c
		_main          		CODE           	07C9	0000	1
		_task          		CODE           	07CA	0000	4
		_initialize    		CODE           	07C7	0000	1
		_interrupt_hand		CODE           	07C8	0000	1

/home/timburke/src/welldone/MoMo-Firmware/momo_modules/shared/pic12/test/mib12_exec_unittest.c estimated size: 7

